// Jest Snapshot v1, https://goo.gl/fbAQLP

exports[`MovieForm sets initial form values 1`] = `
<DocumentFragment>
  <form
    class="container"
  >
    <div
      class="formRow"
    >
      <div
        class="formGroup"
      >
        <label
          class="label"
          for="title"
        >
          Title
        </label>
        <input
          class="input"
          id="title"
          name="title"
          type="text"
          value="Test title"
        />
      </div>
      <div
        class="formGroup"
      >
        <label
          class="label"
          for="releaseDate"
        >
          Release Date
        </label>
        <input
          class="input"
          id="releaseDate"
          name="releaseDate"
          type="text"
          value="1999"
        />
      </div>
    </div>
    <div
      class="formRow"
    >
      <div
        class="formGroup"
      >
        <label
          class="label"
          for="imageUrl"
        >
          Image Url
        </label>
        <input
          class="input"
          id="imageUrl"
          name="imageUrl"
          type="text"
          value="http://image"
        />
      </div>
      <div
        class="formGroup"
      >
        <label
          class="label"
          for="rating"
        >
          Rating
        </label>
        <input
          class="input"
          id="rating"
          name="rating"
          type="text"
          value="9"
        />
      </div>
    </div>
    <div
      class="formRow"
    >
      <div
        class="formGroup"
      >
        <label
          class="label"
          for="genres"
        >
          Genre
        </label>
        <select
          class="select"
          id="genres"
          name="genre"
        >
          <option
            hidden=""
          />
          <option
            selected=""
            value="Action"
          >
            Action
          </option>
          <option
            value="Drama"
          >
            Drama
          </option>
          <option
            value="Comedy"
          >
            Comedy
          </option>
        </select>
      </div>
      <div
        class="formGroup"
      >
        <label
          class="label"
          for="runtime"
        >
          Runtime
        </label>
        <input
          class="input"
          id="runtime"
          name="runtime"
          type="text"
          value="1h"
        />
      </div>
    </div>
    <div
      class="formGroup"
    >
      <label
        class="overviewLabel"
        for="description"
      >
        Description
      </label>
      <textarea
        class="overviewTextarea"
        id="description"
        name="description"
        rows="4"
      >
        Test description
      </textarea>
    </div>
    <div
      class="formActions"
    >
      <button
        class="resetButton"
        type="reset"
      >
        Reset
      </button>
      <button
        class="submitButton"
      >
        Submit
      </button>
    </div>
  </form>
</DocumentFragment>
`;
